This is pdfTeX, Version 3.141592653-2.6-1.40.25 (TeX Live 2023) (preloaded format=pdflatex 2026.4.20)  26 APR 2026 03:02
entering extended mode
 restricted \write18 enabled.
 %&-line parsing enabled.
**final_presentation.tex
(./final_presentation.tex
LaTeX2e <2022-11-01> patch level 1
L3 programming layer <2023-02-22>
(/tmp/beamer_rpm/usr/share/texlive/texmf-dist/tex/latex/beamer/beamer.cls
Document Class: beamer 2023/02/20 v3.69 A class for typesetting presentations

(/tmp/beamer_rpm/usr/share/texlive/texmf-dist/tex/latex/beamer/beamerbasemodes.
sty (/usr/share/texlive/texmf-dist/tex/latex/etoolbox/etoolbox.sty
Package: etoolbox 2020/10/05 v2.5k e-TeX tools for LaTeX (JAW)
\etb@tempcnta=\count185
)
\beamer@tempbox=\box51
\beamer@tempcount=\count186
\c@beamerpauses=\count187

(/tmp/beamer_rpm/usr/share/texlive/texmf-dist/tex/latex/beamer/beamerbasedecode
.sty
\beamer@slideinframe=\count188
\beamer@minimum=\count189
\beamer@decode@box=\box52
)
\beamer@commentbox=\box53
\beamer@modecount=\count190
) (/usr/share/texlive/texmf-dist/tex/generic/iftex/iftex.sty
Package: iftex 2022/02/03 v1.0f TeX engine tests
)
\headdp=\dimen140
\footheight=\dimen141
\sidebarheight=\dimen142
\beamer@tempdim=\dimen143
\beamer@finalheight=\dimen144
\beamer@animht=\dimen145
\beamer@animdp=\dimen146
\beamer@animwd=\dimen147
\beamer@leftmargin=\dimen148
\beamer@rightmargin=\dimen149
\beamer@leftsidebar=\dimen150
\beamer@rightsidebar=\dimen151
\beamer@boxsize=\dimen152
\beamer@vboxoffset=\dimen153
\beamer@descdefault=\dimen154
\beamer@descriptionwidth=\dimen155
\beamer@lastskip=\skip48
\beamer@areabox=\box54
\beamer@animcurrent=\box55
\beamer@animshowbox=\box56
\beamer@sectionbox=\box57
\beamer@logobox=\box58
\beamer@linebox=\box59
\beamer@sectioncount=\count191
\beamer@subsubsectionmax=\count192
\beamer@subsectionmax=\count193
\beamer@sectionmax=\count194
\beamer@totalheads=\count195
\beamer@headcounter=\count196
\beamer@partstartpage=\count197
\beamer@sectionstartpage=\count198
\beamer@subsectionstartpage=\count199
\beamer@animationtempa=\count266
\beamer@animationtempb=\count267
\beamer@xpos=\count268
\beamer@ypos=\count269
\beamer@ypos@offset=\count270
\beamer@showpartnumber=\count271
\beamer@currentsubsection=\count272
\beamer@coveringdepth=\count273
\beamer@sectionadjust=\count274
\beamer@toclastsection=\count275
\beamer@tocsectionnumber=\count276

(/tmp/beamer_rpm/usr/share/texlive/texmf-dist/tex/latex/beamer/beamerbaseoption
s.sty (/usr/share/texlive/texmf-dist/tex/latex/graphics/keyval.sty
Package: keyval 2022/05/29 v1.15 key=value parser (DPC)
\KV@toks@=\toks16
))
\beamer@paperwidth=\skip49
\beamer@paperheight=\skip50

(/usr/share/texlive/texmf-dist/tex/latex/geometry/geometry.sty
Package: geometry 2020/01/02 v5.9 Page Geometry

(/usr/share/texlive/texmf-dist/tex/generic/iftex/ifvtex.sty
Package: ifvtex 2019/10/25 v1.7 ifvtex legacy package. Use iftex instead.
)
\Gm@cnth=\count277
\Gm@cntv=\count278
\c@Gm@tempcnt=\count279
\Gm@bindingoffset=\dimen156
\Gm@wd@mp=\dimen157
\Gm@odd@mp=\dimen158
\Gm@even@mp=\dimen159
\Gm@layoutwidth=\dimen160
\Gm@layoutheight=\dimen161
\Gm@layouthoffset=\dimen162
\Gm@layoutvoffset=\dimen163
\Gm@dimlist=\toks17
)
(/usr/share/texlive/texmf-dist/tex/latex/pgf/math/pgfmath.sty
(/usr/share/texlive/texmf-dist/tex/latex/pgf/utilities/pgfrcs.sty
(/usr/share/texlive/texmf-dist/tex/generic/pgf/utilities/pgfutil-common.tex
\pgfutil@everybye=\toks18
\pgfutil@tempdima=\dimen164
\pgfutil@tempdimb=\dimen165
)
(/usr/share/texlive/texmf-dist/tex/generic/pgf/utilities/pgfutil-latex.def
\pgfutil@abb=\box60
)
(/usr/share/texlive/texmf-dist/tex/generic/pgf/utilities/pgfrcs.code.tex
(/usr/share/texlive/texmf-dist/tex/generic/pgf/pgf.revision.tex)
Package: pgfrcs 2023-01-15 v3.1.10 (3.1.10)
))
(/usr/share/texlive/texmf-dist/tex/latex/pgf/utilities/pgfkeys.sty
(/usr/share/texlive/texmf-dist/tex/generic/pgf/utilities/pgfkeys.code.tex
\pgfkeys@pathtoks=\toks19
\pgfkeys@temptoks=\toks20

(/usr/share/texlive/texmf-dist/tex/generic/pgf/utilities/pgfkeyslibraryfiltered
.code.tex
\pgfkeys@tmptoks=\toks21
)))
(/usr/share/texlive/texmf-dist/tex/generic/pgf/math/pgfmath.code.tex
(/usr/share/texlive/texmf-dist/tex/generic/pgf/math/pgfmathutil.code.tex
\pgf@x=\dimen166
\pgf@xa=\dimen167
\pgf@xb=\dimen168
\pgf@xc=\dimen169
\pgf@y=\dimen170
\pgf@ya=\dimen171
\pgf@yb=\dimen172
\pgf@yc=\dimen173
\c@pgf@counta=\count280
\c@pgf@countb=\count281
\c@pgf@countc=\count282
\c@pgf@countd=\count283
)
(/usr/share/texlive/texmf-dist/tex/generic/pgf/math/pgfmathparser.code.tex
\pgfmath@dimen=\dimen174
\pgfmath@count=\count284
\pgfmath@box=\box61
\pgfmath@toks=\toks22
\pgfmath@stack@operand=\toks23
\pgfmath@stack@operation=\toks24
)
(/usr/share/texlive/texmf-dist/tex/generic/pgf/math/pgfmathfunctions.code.tex)
(/usr/share/texlive/texmf-dist/tex/generic/pgf/math/pgfmathfunctions.basic.code
.tex)
(/usr/share/texlive/texmf-dist/tex/generic/pgf/math/pgfmathfunctions.trigonomet
ric.code.tex)
(/usr/share/texlive/texmf-dist/tex/generic/pgf/math/pgfmathfunctions.random.cod
e.tex)
(/usr/share/texlive/texmf-dist/tex/generic/pgf/math/pgfmathfunctions.comparison
.code.tex)
(/usr/share/texlive/texmf-dist/tex/generic/pgf/math/pgfmathfunctions.base.code.
tex)
(/usr/share/texlive/texmf-dist/tex/generic/pgf/math/pgfmathfunctions.round.code
.tex)
(/usr/share/texlive/texmf-dist/tex/generic/pgf/math/pgfmathfunctions.misc.code.
tex)
(/usr/share/texlive/texmf-dist/tex/generic/pgf/math/pgfmathfunctions.integerari
thmetics.code.tex)
(/usr/share/texlive/texmf-dist/tex/generic/pgf/math/pgfmathcalc.code.tex)
(/usr/share/texlive/texmf-dist/tex/generic/pgf/math/pgfmathfloat.code.tex
\c@pgfmathroundto@lastzeros=\count285
)))
(/usr/share/texlive/texmf-dist/tex/latex/base/size11.clo
File: size11.clo 2022/07/02 v1.4n Standard LaTeX file (size option)
)
(/usr/share/texlive/texmf-dist/tex/latex/pgf/basiclayer/pgfcore.sty
(/usr/share/texlive/texmf-dist/tex/latex/graphics/graphicx.sty
Package: graphicx 2021/09/16 v1.2d Enhanced LaTeX Graphics (DPC,SPQR)

(/usr/share/texlive/texmf-dist/tex/latex/graphics/graphics.sty
Package: graphics 2022/03/10 v1.4e Standard LaTeX Graphics (DPC,SPQR)

(/usr/share/texlive/texmf-dist/tex/latex/graphics/trig.sty
Package: trig 2021/08/11 v1.11 sin cos tan (DPC)
)
(/usr/share/texlive/texmf-dist/tex/latex/graphics-cfg/graphics.cfg
File: graphics.cfg 2016/06/04 v1.11 sample graphics configuration
)
Package graphics Info: Driver file: pdftex.def on input line 107.

(/usr/share/texlive/texmf-dist/tex/latex/graphics-def/pdftex.def
File: pdftex.def 2022/09/22 v1.2b Graphics/color driver for pdftex
))
\Gin@req@height=\dimen175
\Gin@req@width=\dimen176
)
(/usr/share/texlive/texmf-dist/tex/latex/pgf/systemlayer/pgfsys.sty
(/usr/share/texlive/texmf-dist/tex/generic/pgf/systemlayer/pgfsys.code.tex
Package: pgfsys 2023-01-15 v3.1.10 (3.1.10)
\pgf@x=\dimen177
\pgf@y=\dimen178
\pgf@xa=\dimen179
\pgf@ya=\dimen180
\pgf@xb=\dimen181
\pgf@yb=\dimen182
\pgf@xc=\dimen183
\pgf@yc=\dimen184
\pgf@xd=\dimen185
\pgf@yd=\dimen186
\w@pgf@writea=\write3
\r@pgf@reada=\read2
\c@pgf@counta=\count286
\c@pgf@countb=\count287
\c@pgf@countc=\count288
\c@pgf@countd=\count289
\t@pgf@toka=\toks25
\t@pgf@tokb=\toks26
\t@pgf@tokc=\toks27
\pgf@sys@id@count=\count290

(/usr/share/texlive/texmf-dist/tex/generic/pgf/systemlayer/pgf.cfg
File: pgf.cfg 2023-01-15 v3.1.10 (3.1.10)
)
Driver file for pgf: pgfsys-pdftex.def

(/usr/share/texlive/texmf-dist/tex/generic/pgf/systemlayer/pgfsys-pdftex.def
File: pgfsys-pdftex.def 2023-01-15 v3.1.10 (3.1.10)

(/usr/share/texlive/texmf-dist/tex/generic/pgf/systemlayer/pgfsys-common-pdf.de
f
File: pgfsys-common-pdf.def 2023-01-15 v3.1.10 (3.1.10)
)))
(/usr/share/texlive/texmf-dist/tex/generic/pgf/systemlayer/pgfsyssoftpath.code.
tex
File: pgfsyssoftpath.code.tex 2023-01-15 v3.1.10 (3.1.10)
\pgfsyssoftpath@smallbuffer@items=\count291
\pgfsyssoftpath@bigbuffer@items=\count292
)
(/usr/share/texlive/texmf-dist/tex/generic/pgf/systemlayer/pgfsysprotocol.code.
tex
File: pgfsysprotocol.code.tex 2023-01-15 v3.1.10 (3.1.10)
)) (/usr/share/texlive/texmf-dist/tex/latex/xcolor/xcolor.sty
Package: xcolor 2022/06/12 v2.14 LaTeX color extensions (UK)

(/usr/share/texlive/texmf-dist/tex/latex/graphics-cfg/color.cfg
File: color.cfg 2016/01/02 v1.6 sample color configuration
)
Package xcolor Info: Driver file: pdftex.def on input line 227.

(/usr/share/texlive/texmf-dist/tex/latex/graphics/mathcolor.ltx)
Package xcolor Info: Model `cmy' substituted by `cmy0' on input line 1353.
Package xcolor Info: Model `hsb' substituted by `rgb' on input line 1357.
Package xcolor Info: Model `RGB' extended on input line 1369.
Package xcolor Info: Model `HTML' substituted by `rgb' on input line 1371.
Package xcolor Info: Model `Hsb' substituted by `hsb' on input line 1372.
Package xcolor Info: Model `tHsb' substituted by `hsb' on input line 1373.
Package xcolor Info: Model `HSB' substituted by `hsb' on input line 1374.
Package xcolor Info: Model `Gray' substituted by `gray' on input line 1375.
Package xcolor Info: Model `wave' substituted by `hsb' on input line 1376.

(/usr/share/texlive/texmf-dist/tex/latex/graphics/dvipsnam.def
File: dvipsnam.def 2016/06/17 v3.0m Driver-dependent file (DPC,SPQR)
))
(/usr/share/texlive/texmf-dist/tex/generic/pgf/basiclayer/pgfcore.code.tex
Package: pgfcore 2023-01-15 v3.1.10 (3.1.10)

(/usr/share/texlive/texmf-dist/tex/generic/pgf/math/pgfint.code.tex)
(/usr/share/texlive/texmf-dist/tex/generic/pgf/basiclayer/pgfcorepoints.code.te
x
File: pgfcorepoints.code.tex 2023-01-15 v3.1.10 (3.1.10)
\pgf@picminx=\dimen187
\pgf@picmaxx=\dimen188
\pgf@picminy=\dimen189
\pgf@picmaxy=\dimen190
\pgf@pathminx=\dimen191
\pgf@pathmaxx=\dimen192
\pgf@pathminy=\dimen193
\pgf@pathmaxy=\dimen194
\pgf@xx=\dimen195
\pgf@xy=\dimen196
\pgf@yx=\dimen197
\pgf@yy=\dimen198
\pgf@zx=\dimen199
\pgf@zy=\dimen256
)
(/usr/share/texlive/texmf-dist/tex/generic/pgf/basiclayer/pgfcorepathconstruct.
code.tex
File: pgfcorepathconstruct.code.tex 2023-01-15 v3.1.10 (3.1.10)
\pgf@path@lastx=\dimen257
\pgf@path@lasty=\dimen258
)
(/usr/share/texlive/texmf-dist/tex/generic/pgf/basiclayer/pgfcorepathusage.code
.tex
File: pgfcorepathusage.code.tex 2023-01-15 v3.1.10 (3.1.10)
\pgf@shorten@end@additional=\dimen259
\pgf@shorten@start@additional=\dimen260
)
(/usr/share/texlive/texmf-dist/tex/generic/pgf/basiclayer/pgfcorescopes.code.te
x
File: pgfcorescopes.code.tex 2023-01-15 v3.1.10 (3.1.10)
\pgfpic=\box62
\pgf@hbox=\box63
\pgf@layerbox@main=\box64
\pgf@picture@serial@count=\count293
)
(/usr/share/texlive/texmf-dist/tex/generic/pgf/basiclayer/pgfcoregraphicstate.c
ode.tex
File: pgfcoregraphicstate.code.tex 2023-01-15 v3.1.10 (3.1.10)
\pgflinewidth=\dimen261
)
(/usr/share/texlive/texmf-dist/tex/generic/pgf/basiclayer/pgfcoretransformation
s.code.tex
File: pgfcoretransformations.code.tex 2023-01-15 v3.1.10 (3.1.10)
\pgf@pt@x=\dimen262
\pgf@pt@y=\dimen263
\pgf@pt@temp=\dimen264
)
(/usr/share/texlive/texmf-dist/tex/generic/pgf/basiclayer/pgfcorequick.code.tex
File: pgfcorequick.code.tex 2023-01-15 v3.1.10 (3.1.10)
)
(/usr/share/texlive/texmf-dist/tex/generic/pgf/basiclayer/pgfcoreobjects.code.t
ex
File: pgfcoreobjects.code.tex 2023-01-15 v3.1.10 (3.1.10)
)
(/usr/share/texlive/texmf-dist/tex/generic/pgf/basiclayer/pgfcorepathprocessing
.code.tex
File: pgfcorepathprocessing.code.tex 2023-01-15 v3.1.10 (3.1.10)
)
(/usr/share/texlive/texmf-dist/tex/generic/pgf/basiclayer/pgfcorearrows.code.te
x
File: pgfcorearrows.code.tex 2023-01-15 v3.1.10 (3.1.10)
\pgfarrowsep=\dimen265
)
(/usr/share/texlive/texmf-dist/tex/generic/pgf/basiclayer/pgfcoreshade.code.tex
File: pgfcoreshade.code.tex 2023-01-15 v3.1.10 (3.1.10)
\pgf@max=\dimen266
\pgf@sys@shading@range@num=\count294
\pgf@shadingcount=\count295
)
(/usr/share/texlive/texmf-dist/tex/generic/pgf/basiclayer/pgfcoreimage.code.tex
File: pgfcoreimage.code.tex 2023-01-15 v3.1.10 (3.1.10)
)
(/usr/share/texlive/texmf-dist/tex/generic/pgf/basiclayer/pgfcoreexternal.code.
tex
File: pgfcoreexternal.code.tex 2023-01-15 v3.1.10 (3.1.10)
\pgfexternal@startupbox=\box65
)
(/usr/share/texlive/texmf-dist/tex/generic/pgf/basiclayer/pgfcorelayers.code.te
x
File: pgfcorelayers.code.tex 2023-01-15 v3.1.10 (3.1.10)
)
(/usr/share/texlive/texmf-dist/tex/generic/pgf/basiclayer/pgfcoretransparency.c
ode.tex
File: pgfcoretransparency.code.tex 2023-01-15 v3.1.10 (3.1.10)
)
(/usr/share/texlive/texmf-dist/tex/generic/pgf/basiclayer/pgfcorepatterns.code.
tex
File: pgfcorepatterns.code.tex 2023-01-15 v3.1.10 (3.1.10)
)
(/usr/share/texlive/texmf-dist/tex/generic/pgf/basiclayer/pgfcorerdf.code.tex
File: pgfcorerdf.code.tex 2023-01-15 v3.1.10 (3.1.10)
))) (/usr/share/texlive/texmf-dist/tex/latex/pgf/utilities/xxcolor.sty
Package: xxcolor 2003/10/24 ver 0.1
\XC@nummixins=\count296
\XC@countmixins=\count297
)
(/usr/share/texlive/texmf-dist/tex/latex/base/atbegshi-ltx.sty
Package: atbegshi-ltx 2021/01/10 v1.0c Emulation of the original atbegshi
package with kernel methods
)
(/usr/share/texlive/texmf-dist/tex/latex/hyperref/hyperref.sty
Package: hyperref 2023-02-07 v7.00v Hypertext links for LaTeX

(/usr/share/texlive/texmf-dist/tex/generic/ltxcmds/ltxcmds.sty
Package: ltxcmds 2020-05-10 v1.25 LaTeX kernel commands for general use (HO)
)
(/usr/share/texlive/texmf-dist/tex/generic/pdftexcmds/pdftexcmds.sty
Package: pdftexcmds 2020-06-27 v0.33 Utility functions of pdfTeX for LuaTeX (HO
)

(/usr/share/texlive/texmf-dist/tex/generic/infwarerr/infwarerr.sty
Package: infwarerr 2019/12/03 v1.5 Providing info/warning/error messages (HO)
)
Package pdftexcmds Info: \pdf@primitive is available.
Package pdftexcmds Info: \pdf@ifprimitive is available.
Package pdftexcmds Info: \pdfdraftmode found.
)
(/usr/share/texlive/texmf-dist/tex/latex/kvsetkeys/kvsetkeys.sty
Package: kvsetkeys 2022-10-05 v1.19 Key value parser (HO)
)
(/usr/share/texlive/texmf-dist/tex/generic/kvdefinekeys/kvdefinekeys.sty
Package: kvdefinekeys 2019-12-19 v1.6 Define keys (HO)
)
(/usr/share/texlive/texmf-dist/tex/generic/pdfescape/pdfescape.sty
Package: pdfescape 2019/12/09 v1.15 Implements pdfTeX's escape features (HO)
)
(/usr/share/texlive/texmf-dist/tex/latex/hycolor/hycolor.sty
Package: hycolor 2020-01-27 v1.10 Color options for hyperref/bookmark (HO)
)
(/usr/share/texlive/texmf-dist/tex/latex/letltxmacro/letltxmacro.sty
Package: letltxmacro 2019/12/03 v1.6 Let assignment for LaTeX macros (HO)
)
(/usr/share/texlive/texmf-dist/tex/latex/auxhook/auxhook.sty
Package: auxhook 2019-12-17 v1.6 Hooks for auxiliary files (HO)
)
(/usr/share/texlive/texmf-dist/tex/latex/hyperref/nameref.sty
Package: nameref 2022-05-17 v2.50 Cross-referencing by name of section

(/usr/share/texlive/texmf-dist/tex/latex/refcount/refcount.sty
Package: refcount 2019/12/15 v3.6 Data extraction from label references (HO)
)
(/usr/share/texlive/texmf-dist/tex/generic/gettitlestring/gettitlestring.sty
Package: gettitlestring 2019/12/15 v1.6 Cleanup title references (HO)

(/usr/share/texlive/texmf-dist/tex/latex/kvoptions/kvoptions.sty
Package: kvoptions 2022-06-15 v3.15 Key value format for package options (HO)
))
\c@section@level=\count298
)
\@linkdim=\dimen267
\Hy@linkcounter=\count299
\Hy@pagecounter=\count300

(/usr/share/texlive/texmf-dist/tex/latex/hyperref/pd1enc.def
File: pd1enc.def 2023-02-07 v7.00v Hyperref: PDFDocEncoding definition (HO)
Now handling font encoding PD1 ...
... no UTF-8 mapping file for font encoding PD1
)
(/usr/share/texlive/texmf-dist/tex/generic/intcalc/intcalc.sty
Package: intcalc 2019/12/15 v1.3 Expandable calculations with integers (HO)
)
(/usr/share/texlive/texmf-dist/tex/generic/etexcmds/etexcmds.sty
Package: etexcmds 2019/12/15 v1.7 Avoid name clashes with e-TeX commands (HO)
)
\Hy@SavedSpaceFactor=\count301

(/usr/share/texlive/texmf-dist/tex/latex/hyperref/puenc.def
File: puenc.def 2023-02-07 v7.00v Hyperref: PDF Unicode definition (HO)
Now handling font encoding PU ...
... no UTF-8 mapping file for font encoding PU
)
Package hyperref Info: Option `bookmarks' set `true' on input line 4060.
Package hyperref Info: Option `bookmarksopen' set `true' on input line 4060.
Package hyperref Info: Option `implicit' set `false' on input line 4060.
Package hyperref Info: Hyper figures OFF on input line 4177.
Package hyperref Info: Link nesting OFF on input line 4182.
Package hyperref Info: Hyper index ON on input line 4185.
Package hyperref Info: Plain pages OFF on input line 4192.
Package hyperref Info: Backreferencing OFF on input line 4197.
Package hyperref Info: Implicit mode OFF; no redefinition of LaTeX internals.
Package hyperref Info: Bookmarks ON on input line 4425.
\c@Hy@tempcnt=\count302

(/usr/share/texlive/texmf-dist/tex/latex/url/url.sty
\Urlmuskip=\muskip16
Package: url 2013/09/16  ver 3.4  Verb mode for urls, etc.
)
LaTeX Info: Redefining \url on input line 4763.
\XeTeXLinkMargin=\dimen268

(/usr/share/texlive/texmf-dist/tex/generic/bitset/bitset.sty
Package: bitset 2019/12/09 v1.3 Handle bit-vector datatype (HO)

(/usr/share/texlive/texmf-dist/tex/generic/bigintcalc/bigintcalc.sty
Package: bigintcalc 2019/12/15 v1.5 Expandable calculations on big integers (HO
)
))
\Fld@menulength=\count303
\Field@Width=\dimen269
\Fld@charsize=\dimen270
Package hyperref Info: Hyper figures OFF on input line 6042.
Package hyperref Info: Link nesting OFF on input line 6047.
Package hyperref Info: Hyper index ON on input line 6050.
Package hyperref Info: backreferencing OFF on input line 6057.
Package hyperref Info: Link coloring OFF on input line 6062.
Package hyperref Info: Link coloring with OCG OFF on input line 6067.
Package hyperref Info: PDF/A mode OFF on input line 6072.
\Hy@abspage=\count304


Package hyperref Message: Stopped early.

)
Package hyperref Info: Driver (autodetected): hpdftex.
 (/usr/share/texlive/texmf-dist/tex/latex/hyperref/hpdftex.def
File: hpdftex.def 2023-02-07 v7.00v Hyperref driver for pdfTeX

(/usr/share/texlive/texmf-dist/tex/latex/base/atveryend-ltx.sty
Package: atveryend-ltx 2020/08/19 v1.0a Emulation of the original atveryend pac
kage
with kernel methods
)
\Fld@listcount=\count305
\c@bookmark@seq@number=\count306

(/usr/share/texlive/texmf-dist/tex/latex/rerunfilecheck/rerunfilecheck.sty
Package: rerunfilecheck 2022-07-10 v1.10 Rerun checks for auxiliary files (HO)

(/usr/share/texlive/texmf-dist/tex/generic/uniquecounter/uniquecounter.sty
Package: uniquecounter 2019/12/15 v1.4 Provide unlimited unique counter (HO)
)
Package uniquecounter Info: New unique counter `rerunfilecheck' on input line 2
85.
))
(/tmp/beamer_rpm/usr/share/texlive/texmf-dist/tex/latex/beamer/beamerbaserequir
es.sty
(/tmp/beamer_rpm/usr/share/texlive/texmf-dist/tex/latex/beamer/beamerbasecompat
ibility.sty)
(/tmp/beamer_rpm/usr/share/texlive/texmf-dist/tex/latex/beamer/beamerbasefont.s
ty (/usr/share/texlive/texmf-dist/tex/latex/amsfonts/amssymb.sty
Package: amssymb 2013/01/14 v3.01 AMS font symbols

(/usr/share/texlive/texmf-dist/tex/latex/amsfonts/amsfonts.sty
Package: amsfonts 2013/01/14 v3.01 Basic AMSFonts support
\@emptytoks=\toks28
\symAMSa=\mathgroup4
\symAMSb=\mathgroup5
LaTeX Font Info:    Redeclaring math symbol \hbar on input line 98.
LaTeX Font Info:    Overwriting math alphabet `\mathfrak' in version `bold'
(Font)                  U/euf/m/n --> U/euf/b/n on input line 106.
)))
(/tmp/beamer_rpm/usr/share/texlive/texmf-dist/tex/latex/beamer/beamerbasetransl
ator.sty
(/tmp/beamer_rpm/usr/share/texlive/texmf-dist/tex/latex/translator/translator.s
ty
Package: translator 2021-05-31 v1.12d Easy translation of strings in LaTeX
))
(/tmp/beamer_rpm/usr/share/texlive/texmf-dist/tex/latex/beamer/beamerbasemisc.s
ty)
(/tmp/beamer_rpm/usr/share/texlive/texmf-dist/tex/latex/beamer/beamerbasetwoscr
eens.sty)
(/tmp/beamer_rpm/usr/share/texlive/texmf-dist/tex/latex/beamer/beamerbaseoverla
y.sty
\beamer@argscount=\count307
\beamer@lastskipcover=\skip51
\beamer@trivlistdepth=\count308
)
(/tmp/beamer_rpm/usr/share/texlive/texmf-dist/tex/latex/beamer/beamerbasetitle.
sty)
(/tmp/beamer_rpm/usr/share/texlive/texmf-dist/tex/latex/beamer/beamerbasesectio
n.sty
\c@lecture=\count309
\c@part=\count310
\c@section=\count311
\c@subsection=\count312
\c@subsubsection=\count313
)
(/tmp/beamer_rpm/usr/share/texlive/texmf-dist/tex/latex/beamer/beamerbaseframe.
sty
\beamer@framebox=\box66
\beamer@frametitlebox=\box67
\beamer@zoombox=\box68
\beamer@zoomcount=\count314
\beamer@zoomframecount=\count315
\beamer@frametextheight=\dimen271
\c@subsectionslide=\count316
\beamer@frametopskip=\skip52
\beamer@framebottomskip=\skip53
\beamer@frametopskipautobreak=\skip54
\beamer@framebottomskipautobreak=\skip55
\beamer@envbody=\toks29
\framewidth=\dimen272
\c@framenumber=\count317
)
(/tmp/beamer_rpm/usr/share/texlive/texmf-dist/tex/latex/beamer/beamerbaseverbat
im.sty
\beamer@verbatimfileout=\write4
)
(/tmp/beamer_rpm/usr/share/texlive/texmf-dist/tex/latex/beamer/beamerbaseframes
ize.sty
\beamer@splitbox=\box69
\beamer@autobreakcount=\count318
\beamer@autobreaklastheight=\dimen273
\beamer@frametitletoks=\toks30
\beamer@framesubtitletoks=\toks31
)
(/tmp/beamer_rpm/usr/share/texlive/texmf-dist/tex/latex/beamer/beamerbaseframec
omponents.sty
\beamer@footins=\box70
)
(/tmp/beamer_rpm/usr/share/texlive/texmf-dist/tex/latex/beamer/beamerbasecolor.
sty)
(/tmp/beamer_rpm/usr/share/texlive/texmf-dist/tex/latex/beamer/beamerbasenotes.
sty
\beamer@frameboxcopy=\box71
)
(/tmp/beamer_rpm/usr/share/texlive/texmf-dist/tex/latex/beamer/beamerbasetoc.st
y)
(/tmp/beamer_rpm/usr/share/texlive/texmf-dist/tex/latex/beamer/beamerbasetempla
tes.sty
\beamer@sbttoks=\toks32

(/tmp/beamer_rpm/usr/share/texlive/texmf-dist/tex/latex/beamer/beamerbaseauxtem
plates.sty
(/tmp/beamer_rpm/usr/share/texlive/texmf-dist/tex/latex/beamer/beamerbaseboxes.
sty
\bmb@box=\box72
\bmb@colorbox=\box73
\bmb@boxwidth=\dimen274
\bmb@boxheight=\dimen275
\bmb@prevheight=\dimen276
\bmb@temp=\dimen277
\bmb@dima=\dimen278
\bmb@dimb=\dimen279
\bmb@prevheight=\dimen280
)
\beamer@blockheadheight=\dimen281
))
(/tmp/beamer_rpm/usr/share/texlive/texmf-dist/tex/latex/beamer/beamerbaselocals
tructure.sty (/usr/share/texlive/texmf-dist/tex/latex/tools/enumerate.sty
Package: enumerate 2015/07/23 v3.00 enumerate extensions (DPC)
\@enLab=\toks33
)
\beamer@bibiconwidth=\skip56
\c@figure=\count319
\c@table=\count320
\abovecaptionskip=\skip57
\belowcaptionskip=\skip58
)
(/tmp/beamer_rpm/usr/share/texlive/texmf-dist/tex/latex/beamer/beamerbasenaviga
tion.sty
(/tmp/beamer_rpm/usr/share/texlive/texmf-dist/tex/latex/beamer/beamerbasenaviga
tionsymbols.tex)
\beamer@section@min@dim=\dimen282
)
(/tmp/beamer_rpm/usr/share/texlive/texmf-dist/tex/latex/beamer/beamerbasetheore
ms.sty (/usr/share/texlive/texmf-dist/tex/latex/amsmath/amsmath.sty
Package: amsmath 2022/04/08 v2.17n AMS math features
\@mathmargin=\skip59

For additional information on amsmath, use the `?' option.
(/usr/share/texlive/texmf-dist/tex/latex/amsmath/amstext.sty
Package: amstext 2021/08/26 v2.01 AMS text

(/usr/share/texlive/texmf-dist/tex/latex/amsmath/amsgen.sty
File: amsgen.sty 1999/11/30 v2.0 generic functions
\@emptytoks=\toks34
\ex@=\dimen283
))
(/usr/share/texlive/texmf-dist/tex/latex/amsmath/amsbsy.sty
Package: amsbsy 1999/11/29 v1.2d Bold Symbols
\pmbraise@=\dimen284
)
(/usr/share/texlive/texmf-dist/tex/latex/amsmath/amsopn.sty
Package: amsopn 2022/04/08 v2.04 operator names
)
\inf@bad=\count321
LaTeX Info: Redefining \frac on input line 234.
\uproot@=\count322
\leftroot@=\count323
LaTeX Info: Redefining \overline on input line 399.
LaTeX Info: Redefining \colon on input line 410.
\classnum@=\count324
\DOTSCASE@=\count325
LaTeX Info: Redefining \ldots on input line 496.
LaTeX Info: Redefining \dots on input line 499.
LaTeX Info: Redefining \cdots on input line 620.
\Mathstrutbox@=\box74
\strutbox@=\box75
LaTeX Info: Redefining \big on input line 722.
LaTeX Info: Redefining \Big on input line 723.
LaTeX Info: Redefining \bigg on input line 724.
LaTeX Info: Redefining \Bigg on input line 725.
\big@size=\dimen285
LaTeX Font Info:    Redeclaring font encoding OML on input line 743.
LaTeX Font Info:    Redeclaring font encoding OMS on input line 744.
\macc@depth=\count326
LaTeX Info: Redefining \bmod on input line 905.
LaTeX Info: Redefining \pmod on input line 910.
LaTeX Info: Redefining \smash on input line 940.
LaTeX Info: Redefining \relbar on input line 970.
LaTeX Info: Redefining \Relbar on input line 971.
\c@MaxMatrixCols=\count327
\dotsspace@=\muskip17
\c@parentequation=\count328
\dspbrk@lvl=\count329
\tag@help=\toks35
\row@=\count330
\column@=\count331
\maxfields@=\count332
\andhelp@=\toks36
\eqnshift@=\dimen286
\alignsep@=\dimen287
\tagshift@=\dimen288
\tagwidth@=\dimen289
\totwidth@=\dimen290
\lineht@=\dimen291
\@envbody=\toks37
\multlinegap=\skip60
\multlinetaggap=\skip61
\mathdisplay@stack=\toks38
LaTeX Info: Redefining \[ on input line 2953.
LaTeX Info: Redefining \] on input line 2954.
)
(/tmp/beamer_rpm/usr/share/texlive/texmf-dist/tex/latex/amscls/amsthm.sty
Package: amsthm 2020/05/29 v2.20.6
\thm@style=\toks39
\thm@bodyfont=\toks40
\thm@headfont=\toks41
\thm@notefont=\toks42
\thm@headpunct=\toks43
\thm@preskip=\skip62
\thm@postskip=\skip63
\thm@headsep=\skip64
\dth@everypar=\toks44
)
\c@theorem=\count333
)
(/tmp/beamer_rpm/usr/share/texlive/texmf-dist/tex/latex/beamer/beamerbasethemes
.sty))
(/tmp/beamer_rpm/usr/share/texlive/texmf-dist/tex/latex/beamer/beamerthemedefau
lt.sty
(/tmp/beamer_rpm/usr/share/texlive/texmf-dist/tex/latex/beamer/beamerfontthemed
efault.sty)
(/tmp/beamer_rpm/usr/share/texlive/texmf-dist/tex/latex/beamer/beamercolortheme
default.sty)
(/tmp/beamer_rpm/usr/share/texlive/texmf-dist/tex/latex/beamer/beamerinnertheme
default.sty
\beamer@dima=\dimen292
\beamer@dimb=\dimen293
)
(/tmp/beamer_rpm/usr/share/texlive/texmf-dist/tex/latex/beamer/beameroutertheme
default.sty)))
(/tmp/beamer_rpm/usr/share/texlive/texmf-dist/tex/latex/beamer/beamerthemeMalmo
e.sty
(/tmp/beamer_rpm/usr/share/texlive/texmf-dist/tex/latex/beamer/beameroutertheme
split.sty)
(/tmp/beamer_rpm/usr/share/texlive/texmf-dist/tex/latex/beamer/beamercolortheme
whale.sty)) (/usr/share/texlive/texmf-dist/tex/latex/booktabs/booktabs.sty
Package: booktabs 2020/01/12 v1.61803398 Publication quality tables
\heavyrulewidth=\dimen294
\lightrulewidth=\dimen295
\cmidrulewidth=\dimen296
\belowrulesep=\dimen297
\belowbottomsep=\dimen298
\aboverulesep=\dimen299
\abovetopsep=\dimen300
\cmidrulesep=\dimen301
\cmidrulekern=\dimen302
\defaultaddspace=\dimen303
\@cmidla=\count334
\@cmidlb=\count335
\@aboverulesep=\dimen304
\@belowrulesep=\dimen305
\@thisruleclass=\count336
\@lastruleclass=\count337
\@thisrulewidth=\dimen306
)
(/usr/share/texlive/texmf-dist/tex/latex/colortbl/colortbl.sty
Package: colortbl 2022/06/20 v1.0f Color table columns (DPC)

(/usr/share/texlive/texmf-dist/tex/latex/tools/array.sty
Package: array 2022/09/04 v2.5g Tabular extension package (FMi)
\col@sep=\dimen307
\ar@mcellbox=\box76
\extrarowheight=\dimen308
\NC@list=\toks45
\extratabsurround=\skip65
\backup@length=\skip66
\ar@cellbox=\box77
)
\everycr=\toks46
\minrowclearance=\skip67
\rownum=\count338
)

Package hyperref Warning: Token not allowed in a PDF string (Unicode):
(hyperref)                removing `\\' on input line 37.

(/usr/share/texlive/texmf-dist/tex/latex/l3backend/l3backend-pdftex.def
File: l3backend-pdftex.def 2023-01-16 L3 backend support: PDF output (pdfTeX)
\l__color_backend_stack_int=\count339
\l__pdf_internal_box=\box78
)
(./final_presentation.aux)
\openout1 = `final_presentation.aux'.

LaTeX Font Info:    Checking defaults for OML/cmm/m/it on input line 48.
LaTeX Font Info:    ... okay on input line 48.
LaTeX Font Info:    Checking defaults for OMS/cmsy/m/n on input line 48.
LaTeX Font Info:    ... okay on input line 48.
LaTeX Font Info:    Checking defaults for OT1/cmr/m/n on input line 48.
LaTeX Font Info:    ... okay on input line 48.
LaTeX Font Info:    Checking defaults for T1/cmr/m/n on input line 48.
LaTeX Font Info:    ... okay on input line 48.
LaTeX Font Info:    Checking defaults for TS1/cmr/m/n on input line 48.
LaTeX Font Info:    ... okay on input line 48.
LaTeX Font Info:    Checking defaults for OMX/cmex/m/n on input line 48.
LaTeX Font Info:    ... okay on input line 48.
LaTeX Font Info:    Checking defaults for U/cmr/m/n on input line 48.
LaTeX Font Info:    ... okay on input line 48.
LaTeX Font Info:    Checking defaults for PD1/pdf/m/n on input line 48.
LaTeX Font Info:    ... okay on input line 48.
LaTeX Font Info:    Checking defaults for PU/pdf/m/n on input line 48.
LaTeX Font Info:    ... okay on input line 48.

*geometry* driver: auto-detecting
*geometry* detected driver: pdftex
*geometry* verbose mode - [ preamble ] result:
* driver: pdftex
* paper: custom
* layout: <same size as paper>
* layoutoffset:(h,v)=(0.0pt,0.0pt)
* modes: includehead includefoot 
* h-part:(L,W,R)=(28.45274pt, 307.28987pt, 28.45274pt)
* v-part:(T,H,B)=(0.0pt, 273.14662pt, 0.0pt)
* \paperwidth=364.19536pt
* \paperheight=273.14662pt
* \textwidth=307.28987pt
* \textheight=244.6939pt
* \oddsidemargin=-43.81725pt
* \evensidemargin=-43.81725pt
* \topmargin=-72.26999pt
* \headheight=14.22636pt
* \headsep=0.0pt
* \topskip=11.0pt
* \footskip=14.22636pt
* \marginparwidth=4.0pt
* \marginparsep=10.0pt
* \columnsep=10.0pt
* \skip\footins=10.0pt plus 4.0pt minus 2.0pt
* \hoffset=0.0pt
* \voffset=0.0pt
* \mag=1000
* \@twocolumnfalse
* \@twosidefalse
* \@mparswitchfalse
* \@reversemarginfalse
* (1in=72.27pt=25.4mm, 1cm=28.453pt)

(/usr/share/texlive/texmf-dist/tex/latex/epstopdf-pkg/epstopdf-base.sty
Package: epstopdf-base 2020-01-24 v2.11 Base part for package epstopdf
Package epstopdf-base Info: Redefining graphics rule for `.eps' on input line 4
85.

(/usr/share/texlive/texmf-dist/tex/latex/latexconfig/epstopdf-sys.cfg
File: epstopdf-sys.cfg 2010/07/13 v1.3 Configuration of (r)epstopdf for TeX Liv
e
))
Package hyperref Info: Link coloring OFF on input line 48.

(./final_presentation.out) (./final_presentation.out)
\@outlinefile=\write5
\openout5 = `final_presentation.out'.

LaTeX Font Info:    Overwriting symbol font `operators' in version `normal'
(Font)                  OT1/cmr/m/n --> OT1/cmss/m/n on input line 48.
LaTeX Font Info:    Overwriting symbol font `operators' in version `bold'
(Font)                  OT1/cmr/bx/n --> OT1/cmss/b/n on input line 48.
\symnumbers=\mathgroup6
\sympureletters=\mathgroup7
LaTeX Font Info:    Overwriting math alphabet `\mathrm' in version `normal'
(Font)                  OT1/cmss/m/n --> OT1/cmr/m/n on input line 48.
LaTeX Font Info:    Redeclaring math alphabet \mathbf on input line 48.
LaTeX Font Info:    Overwriting math alphabet `\mathbf' in version `normal'
(Font)                  OT1/cmr/bx/n --> OT1/cmss/b/n on input line 48.
LaTeX Font Info:    Overwriting math alphabet `\mathbf' in version `bold'
(Font)                  OT1/cmr/bx/n --> OT1/cmss/b/n on input line 48.
LaTeX Font Info:    Redeclaring math alphabet \mathsf on input line 48.
LaTeX Font Info:    Overwriting math alphabet `\mathsf' in version `normal'
(Font)                  OT1/cmss/m/n --> OT1/cmss/m/n on input line 48.
LaTeX Font Info:    Overwriting math alphabet `\mathsf' in version `bold'
(Font)                  OT1/cmss/bx/n --> OT1/cmss/m/n on input line 48.
LaTeX Font Info:    Redeclaring math alphabet \mathit on input line 48.
LaTeX Font Info:    Overwriting math alphabet `\mathit' in version `normal'
(Font)                  OT1/cmr/m/it --> OT1/cmss/m/it on input line 48.
LaTeX Font Info:    Overwriting math alphabet `\mathit' in version `bold'
(Font)                  OT1/cmr/bx/it --> OT1/cmss/m/it on input line 48.
LaTeX Font Info:    Redeclaring math alphabet \mathtt on input line 48.
LaTeX Font Info:    Overwriting math alphabet `\mathtt' in version `normal'
(Font)                  OT1/cmtt/m/n --> OT1/cmtt/m/n on input line 48.
LaTeX Font Info:    Overwriting math alphabet `\mathtt' in version `bold'
(Font)                  OT1/cmtt/m/n --> OT1/cmtt/m/n on input line 48.
LaTeX Font Info:    Overwriting symbol font `numbers' in version `bold'
(Font)                  OT1/cmss/m/n --> OT1/cmss/b/n on input line 48.
LaTeX Font Info:    Overwriting symbol font `pureletters' in version `bold'
(Font)                  OT1/cmss/m/it --> OT1/cmss/b/it on input line 48.
LaTeX Font Info:    Overwriting math alphabet `\mathrm' in version `bold'
(Font)                  OT1/cmss/b/n --> OT1/cmr/b/n on input line 48.
LaTeX Font Info:    Overwriting math alphabet `\mathbf' in version `bold'
(Font)                  OT1/cmss/b/n --> OT1/cmss/b/n on input line 48.
LaTeX Font Info:    Overwriting math alphabet `\mathsf' in version `bold'
(Font)                  OT1/cmss/m/n --> OT1/cmss/b/n on input line 48.
LaTeX Font Info:    Overwriting math alphabet `\mathit' in version `bold'
(Font)                  OT1/cmss/m/it --> OT1/cmss/b/it on input line 48.
LaTeX Font Info:    Overwriting math alphabet `\mathtt' in version `bold'
(Font)                  OT1/cmtt/m/n --> OT1/cmtt/b/n on input line 48.

(/tmp/beamer_rpm/usr/share/texlive/texmf-dist/tex/latex/translator/translator-b
asic-dictionary-English.dict
Dictionary: translator-basic-dictionary, Language: English 
)
(/tmp/beamer_rpm/usr/share/texlive/texmf-dist/tex/latex/translator/translator-b
ibliography-dictionary-English.dict
Dictionary: translator-bibliography-dictionary, Language: English 
)
(/tmp/beamer_rpm/usr/share/texlive/texmf-dist/tex/latex/translator/translator-e
nvironment-dictionary-English.dict
Dictionary: translator-environment-dictionary, Language: English 
)
(/tmp/beamer_rpm/usr/share/texlive/texmf-dist/tex/latex/translator/translator-m
onths-dictionary-English.dict
Dictionary: translator-months-dictionary, Language: English 
)
(/tmp/beamer_rpm/usr/share/texlive/texmf-dist/tex/latex/translator/translator-n
umbers-dictionary-English.dict
Dictionary: translator-numbers-dictionary, Language: English 
)
(/tmp/beamer_rpm/usr/share/texlive/texmf-dist/tex/latex/translator/translator-t
heorem-dictionary-English.dict
Dictionary: translator-theorem-dictionary, Language: English 
) (./final_presentation.nav)
<nus-logo.png, id=89, 203.8014pt x 99.7326pt>
File: nus-logo.png Graphic file (type png)
<use nus-logo.png>
Package pdftex.def Info: nus-logo.png  used on input line 53.
(pdftex.def)             Requested size: 56.9055pt x 27.84732pt.
 [1{/var/lib/texmf/fonts/map/pdftex/updmap/pdftex.map}

 <./nus-logo.png>] (./final_presentation.toc)
[2

]
LaTeX Font Info:    Trying to load font information for U+msa on input line 81.

 (/usr/share/texlive/texmf-dist/tex/latex/amsfonts/umsa.fd
File: umsa.fd 2013/01/14 v3.01 AMS symbols A
)
LaTeX Font Info:    Trying to load font information for U+msb on input line 81.


(/usr/share/texlive/texmf-dist/tex/latex/amsfonts/umsb.fd
File: umsb.fd 2013/01/14 v3.01 AMS symbols B
)
Overfull \vbox (5.42934pt too high) detected at line 81
 []

[3

] [4

]
Overfull \vbox (4.82101pt too high) detected at line 112
 []

[5

] [6

]
<../attachment/reactors.png, id=190, 2826.56pt x 1541.76pt>
File: ../attachment/reactors.png Graphic file (type png)
<use ../attachment/reactors.png>
Package pdftex.def Info: ../attachment/reactors.png  used on input line 137.
(pdftex.def)             Requested size: 245.83282pt x 134.07086pt.
 [7

 <../attachment/reactors.png (PNG copy)>]
<../attachment/imputation.png, id=203, 2826.56pt x 1541.76pt>
File: ../attachment/imputation.png Graphic file (type png)
<use ../attachment/imputation.png>
Package pdftex.def Info: ../attachment/imputation.png  used on input line 151.
(pdftex.def)             Requested size: 168.85307pt x 92.10167pt.
 [8

 <../attachment/imputation.png (PNG copy)>] [9

] [10

]
Overfull \vbox (16.0877pt too high) detected at line 193
 []

[11

] [12

]
<../attachment/model workflow.png, id=263, 2826.56pt x 1541.76pt>
File: ../attachment/model workflow.png Graphic file (type png)
<use ../attachment/model workflow.png>
Package pdftex.def Info: ../attachment/model workflow.png  used on input line 2
10.
(pdftex.def)             Requested size: 307.25653pt x 167.59447pt.
 [13

 <../attachment/model workflow.png (PNG copy)>]
<../attachment/finetuning_workflow.png, id=277, 786.94pt x 461.725pt>
File: ../attachment/finetuning_workflow.png Graphic file (type png)
<use ../attachment/finetuning_workflow.png>
Package pdftex.def Info: ../attachment/finetuning_workflow.png  used on input l
ine 218.
(pdftex.def)             Requested size: 230.46739pt x 135.22134pt.
 [14

 <../attachment/finetuning_workflow.png>]
<../attachment/frontend.png, id=293, 1510.14188pt x 997.47656pt>
File: ../attachment/frontend.png Graphic file (type png)
<use ../attachment/frontend.png>
Package pdftex.def Info: ../attachment/frontend.png  used on input line 241.
(pdftex.def)             Requested size: 153.64493pt x 101.47339pt.
 [15

 <../attachment/frontend.png>] [16

] [17

]
<../../Archived/final-results/caww29-results/xgboost/test_results/TRC-PPL2_pred
_vs_true.png, id=327, 867.24pt x 361.35pt>
File: ../../Archived/final-results/caww29-results/xgboost/test_results/TRC-PPL2
_pred_vs_true.png Graphic file (type png)
<use ../../Archived/final-results/caww29-results/xgboost/test_results/TRC-PPL2_
pred_vs_true.png>
Package pdftex.def Info: ../../Archived/final-results/caww29-results/xgboost/te
st_results/TRC-PPL2_pred_vs_true.png  used on input line 296.
(pdftex.def)             Requested size: 101.40622pt x 42.25186pt.
<../../Archived/final-results/caww29-results/lightgbm/test_results/TRC-PPL2_pre
d_vs_true.png, id=328, 867.24pt x 361.35pt>
File: ../../Archived/final-results/caww29-results/lightgbm/test_results/TRC-PPL
2_pred_vs_true.png Graphic file (type png)
<use ../../Archived/final-results/caww29-results/lightgbm/test_results/TRC-PPL2
_pred_vs_true.png>
Package pdftex.def Info: ../../Archived/final-results/caww29-results/lightgbm/t
est_results/TRC-PPL2_pred_vs_true.png  used on input line 296.
(pdftex.def)             Requested size: 101.40622pt x 42.25186pt.
<../../Archived/final-results/caww29-results/catboost/test_results/TRC-PPL2_pre
d_vs_true.png, id=329, 867.24pt x 361.35pt>
File: ../../Archived/final-results/caww29-results/catboost/test_results/TRC-PPL
2_pred_vs_true.png Graphic file (type png)
<use ../../Archived/final-results/caww29-results/catboost/test_results/TRC-PPL2
_pred_vs_true.png>
Package pdftex.def Info: ../../Archived/final-results/caww29-results/catboost/t
est_results/TRC-PPL2_pred_vs_true.png  used on input line 296.
(pdftex.def)             Requested size: 101.40622pt x 42.25186pt.
<../../Archived/final-results/caww29-results/xgboost/test_results/TRC-PPL2_yx_s
catter.png, id=330, 433.62pt x 433.62pt>
File: ../../Archived/final-results/caww29-results/xgboost/test_results/TRC-PPL2
_yx_scatter.png Graphic file (type png)
<use ../../Archived/final-results/caww29-results/xgboost/test_results/TRC-PPL2_
yx_scatter.png>
Package pdftex.def Info: ../../Archived/final-results/caww29-results/xgboost/te
st_results/TRC-PPL2_yx_scatter.png  used on input line 296.
(pdftex.def)             Requested size: 101.40622pt x 101.40446pt.
<../../Archived/final-results/caww29-results/lightgbm/test_results/TRC-PPL2_yx_
scatter.png, id=331, 433.62pt x 433.62pt>
File: ../../Archived/final-results/caww29-results/lightgbm/test_results/TRC-PPL
2_yx_scatter.png Graphic file (type png)
<use ../../Archived/final-results/caww29-results/lightgbm/test_results/TRC-PPL2
_yx_scatter.png>
Package pdftex.def Info: ../../Archived/final-results/caww29-results/lightgbm/t
est_results/TRC-PPL2_yx_scatter.png  used on input line 296.
(pdftex.def)             Requested size: 101.40622pt x 101.40446pt.
<../../Archived/final-results/caww29-results/catboost/test_results/TRC-PPL2_yx_
scatter.png, id=332, 433.62pt x 433.62pt>
File: ../../Archived/final-results/caww29-results/catboost/test_results/TRC-PPL
2_yx_scatter.png Graphic file (type png)
<use ../../Archived/final-results/caww29-results/catboost/test_results/TRC-PPL2
_yx_scatter.png>
Package pdftex.def Info: ../../Archived/final-results/caww29-results/catboost/t
est_results/TRC-PPL2_yx_scatter.png  used on input line 296.
(pdftex.def)             Requested size: 101.40622pt x 101.40446pt.
 [18

 <../../Archived/final-results/caww29-results/xgboost/test_results/TRC-PPL2_pre
d_vs_true.png> <../../Archived/final-results/caww29-results/lightgbm/test_resul
ts/TRC-PPL2_pred_vs_true.png> <../../Archived/final-results/caww29-results/catb
oost/test_results/TRC-PPL2_pred_vs_true.png> <../../Archived/final-results/caww
29-results/xgboost/test_results/TRC-PPL2_yx_scatter.png> <../../Archived/final-
results/caww29-results/lightgbm/test_results/TRC-PPL2_yx_scatter.png> <../../Ar
chived/final-results/caww29-results/catboost/test_results/TRC-PPL2_yx_scatter.p
ng>]
[19

]
<../../Archived/final-results/caww29-results/mlp/test_results/TRC-PPL2_pred_vs_
true.png, id=364, 867.24pt x 361.35pt>
File: ../../Archived/final-results/caww29-results/mlp/test_results/TRC-PPL2_pre
d_vs_true.png Graphic file (type png)
<use ../../Archived/final-results/caww29-results/mlp/test_results/TRC-PPL2_pred
_vs_true.png>
Package pdftex.def Info: ../../Archived/final-results/caww29-results/mlp/test_r
esults/TRC-PPL2_pred_vs_true.png  used on input line 334.
(pdftex.def)             Requested size: 101.40622pt x 42.25186pt.
<../../Archived/final-results/caww29-results/rnn/test_results/TRC-PPL2_pred_vs_
true.png, id=365, 867.24pt x 361.35pt>
File: ../../Archived/final-results/caww29-results/rnn/test_results/TRC-PPL2_pre
d_vs_true.png Graphic file (type png)
<use ../../Archived/final-results/caww29-results/rnn/test_results/TRC-PPL2_pred
_vs_true.png>
Package pdftex.def Info: ../../Archived/final-results/caww29-results/rnn/test_r
esults/TRC-PPL2_pred_vs_true.png  used on input line 334.
(pdftex.def)             Requested size: 101.40622pt x 42.25186pt.
<../../Archived/final-results/caww29-results/gru/test_results/TRC-PPL2_pred_vs_
true.png, id=366, 867.24pt x 361.35pt>
File: ../../Archived/final-results/caww29-results/gru/test_results/TRC-PPL2_pre
d_vs_true.png Graphic file (type png)
<use ../../Archived/final-results/caww29-results/gru/test_results/TRC-PPL2_pred
_vs_true.png>
Package pdftex.def Info: ../../Archived/final-results/caww29-results/gru/test_r
esults/TRC-PPL2_pred_vs_true.png  used on input line 334.
(pdftex.def)             Requested size: 101.40622pt x 42.25186pt.
<../../Archived/final-results/caww29-results/mlp/test_results/TRC-PPL2_yx_scatt
er.png, id=367, 433.62pt x 433.62pt>
File: ../../Archived/final-results/caww29-results/mlp/test_results/TRC-PPL2_yx_
scatter.png Graphic file (type png)
<use ../../Archived/final-results/caww29-results/mlp/test_results/TRC-PPL2_yx_s
catter.png>
Package pdftex.def Info: ../../Archived/final-results/caww29-results/mlp/test_r
esults/TRC-PPL2_yx_scatter.png  used on input line 334.
(pdftex.def)             Requested size: 101.40622pt x 101.40446pt.
<../../Archived/final-results/caww29-results/rnn/test_results/TRC-PPL2_yx_scatt
er.png, id=368, 433.62pt x 433.62pt>
File: ../../Archived/final-results/caww29-results/rnn/test_results/TRC-PPL2_yx_
scatter.png Graphic file (type png)
<use ../../Archived/final-results/caww29-results/rnn/test_results/TRC-PPL2_yx_s
catter.png>
Package pdftex.def Info: ../../Archived/final-results/caww29-results/rnn/test_r
esults/TRC-PPL2_yx_scatter.png  used on input line 334.
(pdftex.def)             Requested size: 101.40622pt x 101.40446pt.
<../../Archived/final-results/caww29-results/gru/test_results/TRC-PPL2_yx_scatt
er.png, id=369, 433.62pt x 433.62pt>
File: ../../Archived/final-results/caww29-results/gru/test_results/TRC-PPL2_yx_
scatter.png Graphic file (type png)
<use ../../Archived/final-results/caww29-results/gru/test_results/TRC-PPL2_yx_s
catter.png>
Package pdftex.def Info: ../../Archived/final-results/caww29-results/gru/test_r
esults/TRC-PPL2_yx_scatter.png  used on input line 334.
(pdftex.def)             Requested size: 101.40622pt x 101.40446pt.
 [20

 <../../Archived/final-results/caww29-results/mlp/test_results/TRC-PPL2_pred_vs
_true.png> <../../Archived/final-results/caww29-results/rnn/test_results/TRC-PP
L2_pred_vs_true.png> <../../Archived/final-results/caww29-results/gru/test_resu
lts/TRC-PPL2_pred_vs_true.png> <../../Archived/final-results/caww29-results/mlp
/test_results/TRC-PPL2_yx_scatter.png> <../../Archived/final-results/caww29-res
ults/rnn/test_results/TRC-PPL2_yx_scatter.png> <../../Archived/final-results/ca
ww29-results/gru/test_results/TRC-PPL2_yx_scatter.png>]
<../../Archived/final-results/caww29-results/lstm/test_results/TRC-PPL2_pred_vs
_true.png, id=388, 867.24pt x 361.35pt>
File: ../../Archived/final-results/caww29-results/lstm/test_results/TRC-PPL2_pr
ed_vs_true.png Graphic file (type png)
<use ../../Archived/final-results/caww29-results/lstm/test_results/TRC-PPL2_pre
d_vs_true.png>
Package pdftex.def Info: ../../Archived/final-results/caww29-results/lstm/test_
results/TRC-PPL2_pred_vs_true.png  used on input line 351.
(pdftex.def)             Requested size: 101.40622pt x 42.25186pt.
<../../Archived/final-results/caww29-results/transformer/test_results/TRC-PPL2_
pred_vs_true.png, id=389, 867.24pt x 361.35pt>
File: ../../Archived/final-results/caww29-results/transformer/test_results/TRC-
PPL2_pred_vs_true.png Graphic file (type png)
<use ../../Archived/final-results/caww29-results/transformer/test_results/TRC-P
PL2_pred_vs_true.png>
Package pdftex.def Info: ../../Archived/final-results/caww29-results/transforme
r/test_results/TRC-PPL2_pred_vs_true.png  used on input line 351.
(pdftex.def)             Requested size: 101.40622pt x 42.25186pt.
<../../Archived/final-results/caww29-results/mamba/test_results/TRC-PPL2_pred_v
s_true.png, id=390, 867.24pt x 361.35pt>
File: ../../Archived/final-results/caww29-results/mamba/test_results/TRC-PPL2_p
red_vs_true.png Graphic file (type png)
<use ../../Archived/final-results/caww29-results/mamba/test_results/TRC-PPL2_pr
ed_vs_true.png>
Package pdftex.def Info: ../../Archived/final-results/caww29-results/mamba/test
_results/TRC-PPL2_pred_vs_true.png  used on input line 351.
(pdftex.def)             Requested size: 101.40622pt x 42.25186pt.
<../../Archived/final-results/caww29-results/lstm/test_results/TRC-PPL2_yx_scat
ter.png, id=391, 433.62pt x 433.62pt>
File: ../../Archived/final-results/caww29-results/lstm/test_results/TRC-PPL2_yx
_scatter.png Graphic file (type png)
<use ../../Archived/final-results/caww29-results/lstm/test_results/TRC-PPL2_yx_
scatter.png>
Package pdftex.def Info: ../../Archived/final-results/caww29-results/lstm/test_
results/TRC-PPL2_yx_scatter.png  used on input line 351.
(pdftex.def)             Requested size: 101.40622pt x 101.40446pt.
<../../Archived/final-results/caww29-results/transformer/test_results/TRC-PPL2_
yx_scatter.png, id=392, 433.62pt x 433.62pt>
File: ../../Archived/final-results/caww29-results/transformer/test_results/TRC-
PPL2_yx_scatter.png Graphic file (type png)
<use ../../Archived/final-results/caww29-results/transformer/test_results/TRC-P
PL2_yx_scatter.png>
Package pdftex.def Info: ../../Archived/final-results/caww29-results/transforme
r/test_results/TRC-PPL2_yx_scatter.png  used on input line 351.
(pdftex.def)             Requested size: 101.40622pt x 101.40446pt.
<../../Archived/final-results/caww29-results/mamba/test_results/TRC-PPL2_yx_sca
tter.png, id=393, 433.62pt x 433.62pt>
File: ../../Archived/final-results/caww29-results/mamba/test_results/TRC-PPL2_y
x_scatter.png Graphic file (type png)
<use ../../Archived/final-results/caww29-results/mamba/test_results/TRC-PPL2_yx
_scatter.png>
Package pdftex.def Info: ../../Archived/final-results/caww29-results/mamba/test
_results/TRC-PPL2_yx_scatter.png  used on input line 351.
(pdftex.def)             Requested size: 101.40622pt x 101.40446pt.
 [21

 <../../Archived/final-results/caww29-results/lstm/test_results/TRC-PPL2_pred_v
s_true.png> <../../Archived/final-results/caww29-results/transformer/test_resul
ts/TRC-PPL2_pred_vs_true.png> <../../Archived/final-results/caww29-results/mamb
a/test_results/TRC-PPL2_pred_vs_true.png> <../../Archived/final-results/caww29-
results/lstm/test_results/TRC-PPL2_yx_scatter.png> <../../Archived/final-result
s/caww29-results/transformer/test_results/TRC-PPL2_yx_scatter.png> <../../Archi
ved/final-results/caww29-results/mamba/test_results/TRC-PPL2_yx_scatter.png>]
Overfull \hbox (24.66306pt too wide) in paragraph at lines 374--374
 [] 
 []


Overfull \vbox (44.02782pt too high) detected at line 374
 []

[22

] [23

] [24

]
<../attachment/experiment framework.png, id=447, 2826.56pt x 1541.76pt>
File: ../attachment/experiment framework.png Graphic file (type png)
<use ../attachment/experiment framework.png>
Package pdftex.def Info: ../attachment/experiment framework.png  used on input 
line 403.
(pdftex.def)             Requested size: 276.559pt x 150.84444pt.
 [25

 <../attachment/experiment framework.png (PNG copy)>]
[26

]
\tf@nav=\write6
\openout6 = `final_presentation.nav'.

\tf@toc=\write7
\openout7 = `final_presentation.toc'.

\tf@snm=\write8
\openout8 = `final_presentation.snm'.

 (./final_presentation.aux)
Package rerunfilecheck Info: File `final_presentation.out' has not changed.
(rerunfilecheck)             Checksum: FE10E516C26BDA4DAFAF9281B1A9ED9A;2023.
 ) 
Here is how much of TeX's memory you used:
 21943 strings out of 477985
 438341 string characters out of 5839380
 1862388 words of memory out of 6000000
 41607 multiletter control sequences out of 15000+600000
 523768 words of font info for 74 fonts, out of 8000000 for 9000
 14 hyphenation exceptions out of 8191
 101i,19n,104p,393b,751s stack positions out of 10000i,1000n,20000p,200000b,200000s
</usr/share/texlive/texmf-dist/fonts/type1/public/amsfonts/cm/cmmi10.pfb></us
r/share/texlive/texmf-dist/fonts/type1/public/amsfonts/cm/cmss10.pfb></usr/shar
e/texlive/texmf-dist/fonts/type1/public/amsfonts/cm/cmss12.pfb></usr/share/texl
ive/texmf-dist/fonts/type1/public/amsfonts/cm/cmss8.pfb></usr/share/texlive/tex
mf-dist/fonts/type1/public/amsfonts/cm/cmssbx10.pfb></usr/share/texlive/texmf-d
ist/fonts/type1/public/amsfonts/cm/cmssi10.pfb></usr/share/texlive/texmf-dist/f
onts/type1/public/amsfonts/cm/cmsy10.pfb></usr/share/texlive/texmf-dist/fonts/t
ype1/public/amsfonts/cm/cmsy7.pfb></usr/share/texlive/texmf-dist/fonts/type1/pu
blic/amsfonts/cm/cmsy8.pfb></usr/share/texlive/texmf-dist/fonts/type1/public/am
sfonts/symbols/msam10.pfb>
Output written on final_presentation.pdf (26 pages, 21605443 bytes).
PDF statistics:
 534 PDF objects out of 1000 (max. 8388607)
 419 compressed objects within 5 object streams
 68 named destinations out of 1000 (max. 500000)
 324 words of extra memory for PDF output out of 10000 (max. 10000000)

