Using device: cuda
Input columns after removing completely null: ['TRC-DT', 'pH-DT', 'cond-DT', 'TRC-RT', 'pH-RT', 'fDOM-RT', 'DO-RT', 'TOC-RT', 'DOC-RT']
Output columns after removing completely null: ['TRC-PPL1', 'TRC-PPL2', 'pH-PPL1', 'pH-PPL2', 'cond-PPL1', 'cond-PPL2', 'TOC-PPL1', 'TOC-PPL2', 'DOC-PPL1', 'DOC-PPL2']
Dataset sizes: Train=7799, Val=1766, Test=1767
Loading pre-trained model from: outputs/caww29_unified/final_models/transformer/best_model.pt
Handling input dimension mismatch: original 10 inputs → new 9
Loaded pretrained weights (adjusted for input/output dimensions): 27 keys loaded
Missing keys (expected for new head): ['head.0.weight', 'head.0.bias']
Full fine-tuning: All 1,056,260 parameters trainable
Output directory: outputs/finetune_caww35_full_v2/caww_35c_full_20260413_103304
Epoch   1: train_loss=0.353982, val_loss=0.160484
Epoch   2: train_loss=0.140436, val_loss=0.101341
Epoch   3: train_loss=0.106886, val_loss=0.091395
Epoch   4: train_loss=0.090466, val_loss=0.090756
Epoch   5: train_loss=0.079333, val_loss=0.087269
Epoch   6: train_loss=0.072103, val_loss=0.103334
Epoch   7: train_loss=0.065156, val_loss=0.090821
Epoch   8: train_loss=0.059924, val_loss=0.100746
Epoch   9: train_loss=0.055716, val_loss=0.086405
Epoch  10: train_loss=0.052844, val_loss=0.090449
Epoch  11: train_loss=0.049533, val_loss=0.094799
Epoch  12: train_loss=0.046863, val_loss=0.096274
Epoch  13: train_loss=0.045355, val_loss=0.086729
Epoch  14: train_loss=0.043065, val_loss=0.085307
Epoch  15: train_loss=0.041929, val_loss=0.087267
Epoch  16: train_loss=0.040315, val_loss=0.083753
Epoch  17: train_loss=0.038801, val_loss=0.077237
Epoch  18: train_loss=0.038129, val_loss=0.078346
Epoch  19: train_loss=0.036479, val_loss=0.086143
Epoch  20: train_loss=0.035782, val_loss=0.081603
Epoch  21: train_loss=0.034659, val_loss=0.088243
Epoch  22: train_loss=0.034397, val_loss=0.087973
Epoch  23: train_loss=0.033416, val_loss=0.076284
Epoch  24: train_loss=0.032469, val_loss=0.079060
Epoch  25: train_loss=0.031787, val_loss=0.085722
Epoch  26: train_loss=0.031407, val_loss=0.084108
Epoch  27: train_loss=0.030330, val_loss=0.086877
Epoch  28: train_loss=0.030131, val_loss=0.078269
Epoch  29: train_loss=0.029733, val_loss=0.078347
Epoch  30: train_loss=0.029010, val_loss=0.083192
Epoch  31: train_loss=0.028326, val_loss=0.073749
Epoch  32: train_loss=0.028003, val_loss=0.086187
Epoch  33: train_loss=0.028036, val_loss=0.082796
Epoch  34: train_loss=0.027120, val_loss=0.080453
Epoch  35: train_loss=0.027045, val_loss=0.084978
Epoch  36: train_loss=0.027030, val_loss=0.088322
Epoch  37: train_loss=0.026325, val_loss=0.076233
Epoch  38: train_loss=0.026082, val_loss=0.078037
Epoch  39: train_loss=0.025500, val_loss=0.082049
Epoch  40: train_loss=0.025273, val_loss=0.085410
Epoch  41: train_loss=0.024691, val_loss=0.083370
Early stopping at epoch 41 (best at epoch 31)

Best model from epoch 31:
  Best validation loss: 0.073749
  Test loss: 0.262369

Fine-tuning complete!
Output saved to: outputs/finetune_caww35_full_v2/caww_35c_full_20260413_103304
