INFO: Loading pre-split datasets...
/home/amoris/dbps/data-analysis-on-DBPs/scripts/utils.py:157: RuntimeWarning: Mean of empty slice
  mean = values.mean(axis=0)
/home/amoris/miniconda3/envs/torch/lib/python3.12/site-packages/numpy/_core/_methods.py:134: RuntimeWarning: invalid value encountered in divide
  ret = um.true_divide(
/home/amoris/miniconda3/envs/torch/lib/python3.12/site-packages/numpy/_core/_methods.py:219: RuntimeWarning: Degrees of freedom <= 0 for slice
  ret = _var(a, axis=axis, dtype=dtype, out=out, ddof=ddof,
/home/amoris/miniconda3/envs/torch/lib/python3.12/site-packages/numpy/_core/_methods.py:178: RuntimeWarning: invalid value encountered in divide
  arrmean = um.true_divide(arrmean, div, out=arrmean,
/home/amoris/miniconda3/envs/torch/lib/python3.12/site-packages/numpy/_core/_methods.py:208: RuntimeWarning: invalid value encountered in divide
  ret = um.true_divide(
INFO: Starting MLP training for 150 epochs on cuda...
INFO: Epoch 001: train_loss=0.000000, val_loss=0.000000 (New Best)
INFO: Epoch 002: train_loss=0.000000, val_loss=0.000000
INFO: Epoch 003: train_loss=0.000000, val_loss=0.000000
INFO: Epoch 004: train_loss=0.000000, val_loss=0.000000
INFO: Epoch 005: train_loss=0.000000, val_loss=0.000000
INFO: Epoch 006: train_loss=0.000000, val_loss=0.000000
INFO: Epoch 007: train_loss=0.000000, val_loss=0.000000
INFO: Epoch 008: train_loss=0.000000, val_loss=0.000000
INFO: Epoch 009: train_loss=0.000000, val_loss=0.000000
INFO: Epoch 010: train_loss=0.000000, val_loss=0.000000
INFO: Epoch 011: train_loss=0.000000, val_loss=0.000000
INFO: Epoch 012: train_loss=0.000000, val_loss=0.000000
INFO: Epoch 013: train_loss=0.000000, val_loss=0.000000
INFO: Epoch 014: train_loss=0.000000, val_loss=0.000000
INFO: Epoch 015: train_loss=0.000000, val_loss=0.000000
INFO: Epoch 016: train_loss=0.000000, val_loss=0.000000
INFO: Early stopping triggered at epoch 16
WARNING: ONNX export skipped: onnxscript not installed
INFO: Training completed successfully! Output saved to: /home/amoris/dbps/data-analysis-on-DBPs/outputs/mlp_regressor/20260412_211549
